// Jest Snapshot v1, https://goo.gl/fbAQLP

exports[`server/models/Transaction createFromPayload creates a double entry transaction for a Stripe payment in EUR with VAT 1`] = `
"
| id | uuid                                 | type   | kind         | description                              | amount | currency | createdAt                                                      | CreatedByUserId | FromCollectiveId | CollectiveId | UsingGiftCardFromCollectiveId | platformFee | platformFeeInHostCurrency | hostFee | hostFeeInHostCurrency | paymentProcessorFeeInHostCurrency | amountInHostCurrency | netAmountInCollectiveCurrency | netAmountInHostCurrency | amountSentToHostInHostCurrency | hostCurrency | ExpenseId | OrderId | isRefund |
| -- | ------------------------------------ | ------ | ------------ | ---------------------------------------- | ------ | -------- | -------------------------------------------------------------- | --------------- | ---------------- | ------------ | ----------------------------- | ----------- | ------------------------- | ------- | --------------------- | --------------------------------- | -------------------- | ----------------------------- | ----------------------- | ------------------------------ | ------------ | --------- | ------- | -------- |
| 1  | 51dffc88-38b3-4156-ba61-83301e0411cc | DEBIT  | CONTRIBUTION | €121 for Vegan Burgers including €21 VAT | -8700  | EUR      | Fri May 29 2015 07:00:00 GMT+0000 (Coordinated Universal Time) | 1               | 3                | 10           |                               |             | -500                      |         | -500                  | -300                              | -8700                | -12100                        | -10000                  | -9500                          | EUR          |           |         | false    |
| 2  | 10baa941-6949-4ac4-9f54-ac6a79ea0185 | CREDIT | CONTRIBUTION | €121 for Vegan Burgers including €21 VAT | 12100  | EUR      | Fri May 29 2015 07:00:00 GMT+0000 (Coordinated Universal Time) | 1               | 10               | 3            |                               |             | -500                      |         | -500                  | -300                              | 12100                | 8700                          | 10800                   | 11300                          | EUR          |           |         | false    |"
`;

exports[`server/models/Transaction createFromPayload() generates a new activity 1`] = `
"| 0 | 1                                    |        |                                          |       |     |                                                                |   |    |    |   |   |      |   |      |      |       |        |        |       |     |   |   |       |
| - | ------------------------------------ | ------ | ---------------------------------------- | ----- | --- | -------------------------------------------------------------- | - | -- | -- | - | - | ---- | - | ---- | ---- | ----- | ------ | ------ | ----- | --- | - | - | ----- |
| 1 | 590afbab-5b41-40e7-be22-7469ad66f45b | DEBIT  | €121 for Vegan Burgers including €21 VAT | -8700 | EUR | Fri May 29 2015 07:00:00 GMT+0000 (Coordinated Universal Time) | 1 | 3  | 10 |   |   | -500 |   | -500 | -300 | -8700 | -12100 | -10000 | -9500 | EUR |   |   | false |
| 2 | 5cf96e9c-8c3f-4229-8c42-9dfc2fa950cf | CREDIT | €121 for Vegan Burgers including €21 VAT | 12100 | EUR | Fri May 29 2015 07:00:00 GMT+0000 (Coordinated Universal Time) | 1 | 10 | 3  |   |   | -500 |   | -500 | -300 | 12100 | 8700   | 10800  | 11300 | EUR |   |   | false |"
`;
